
########## base: {'ETA0': '0.05', 'ETA_MAX': '0.6', 'ALPHA_ETA': '1', 'WARM': '0', 'REG_SPACE': 'eta'}
[secuencial (lectura instantanea)] eta nucleo media 0.3660 max 0.5167 | corr 0.8827 rms 0.0473 | rho corr 0.8197 | chi2 exacto DC 50.769 IP 3.507 | 12.7s  [secuencial (lectura total)      ] eta nucleo media 0.3660 max 0.5167 | corr 0.8827 rms 0.0473 | rho corr 0.8373 | chi2 exacto DC 0.733 IP 8.934 | 12.7s  [conjunto no-lineal              ] eta nucleo media 0.3097 max 0.5138 | corr 0.8621 rms 0.0482 | rho corr 0.8467 | chi2 exacto DC 0.951 IP 0.975 | 15.9s

########## aeta0.1: {'ETA0': '0.05', 'ETA_MAX': '0.6', 'ALPHA_ETA': '0.1', 'WARM': '0', 'REG_SPACE': 'eta'}
[secuencial (lectura instantanea)] eta nucleo media 0.3702 max 0.5242 | corr 0.8838 rms 0.0476 | rho corr 0.8200 | chi2 exacto DC 52.870 IP 3.539 | 14.0s  [secuencial (lectura total)      ] eta nucleo media 0.3702 max 0.5242 | corr 0.8838 rms 0.0476 | rho corr 0.8384 | chi2 exacto DC 0.726 IP 10.112 | 14.0s  [conjunto no-lineal              ] eta nucleo media 0.3076 max 0.5052 | corr 0.8543 rms 0.0495 | rho corr 0.8300 | chi2 exacto DC 0.996 IP 0.898 | 16.6s

########## aeta10: {'ETA0': '0.05', 'ETA_MAX': '0.6', 'ALPHA_ETA': '10', 'WARM': '0', 'REG_SPACE': 'eta'}
[secuencial (lectura instantanea)] eta nucleo media 0.3709 max 0.5240 | corr 0.8833 rms 0.0474 | rho corr 0.8119 | chi2 exacto DC 51.872 IP 3.453 | 13.2s  [secuencial (lectura total)      ] eta nucleo media 0.3709 max 0.5240 | corr 0.8833 rms 0.0474 | rho corr 0.8298 | chi2 exacto DC 0.766 IP 9.523 | 13.2s  [conjunto no-lineal              ] eta nucleo media 0.3052 max 0.4983 | corr 0.8740 rms 0.0477 | rho corr 0.8312 | chi2 exacto DC 0.688 IP 0.951 | 18.6s

########## logit: {'ETA0': '0.05', 'ETA_MAX': '0.6', 'ALPHA_ETA': '1', 'WARM': '0', 'REG_SPACE': 'logit'}
[secuencial (lectura instantanea)] eta nucleo media 0.3730 max 0.5317 | corr 0.8849 rms 0.0475 | rho corr 0.8197 | chi2 exacto DC 53.147 IP 3.720 | 11.6s  [secuencial (lectura total)      ] eta nucleo media 0.3730 max 0.5317 | corr 0.8849 rms 0.0475 | rho corr 0.8376 | chi2 exacto DC 0.732 IP 10.529 | 11.6s  [conjunto no-lineal              ] eta nucleo media 0.3125 max 0.5118 | corr 0.8524 rms 0.0500 | rho corr 0.8251 | chi2 exacto DC 1.000 IP 0.867 | 15.2s

########## nobound: {'ETA0': '0.01', 'ETA_MAX': '1.0', 'ALPHA_ETA': '1', 'WARM': '0', 'REG_SPACE': 'logit'}
[secuencial (lectura instantanea)] eta nucleo media 0.3742 max 0.5226 | corr 0.9054 rms 0.0337 | rho corr 0.8158 | chi2 exacto DC 53.702 IP 4.295 | 12.2s  [secuencial (lectura total)      ] eta nucleo media 0.3742 max 0.5226 | corr 0.9054 rms 0.0337 | rho corr 0.8368 | chi2 exacto DC 0.774 IP 11.037 | 12.2s  [conjunto no-lineal              ] eta nucleo media 0.2257 max 0.9498 | corr 0.5618 rms 0.0708 | rho corr 0.7500 | chi2 exacto DC 0.988 IP 0.830 | 21.8s

########## warm: {'ETA0': '0.05', 'ETA_MAX': '0.6', 'ALPHA_ETA': '1', 'WARM': '1', 'REG_SPACE': 'eta'}
[secuencial (lectura instantanea)] eta nucleo media 0.3704 max 0.5158 | corr 0.8857 rms 0.0475 | rho corr 0.8212 | chi2 exacto DC 53.400 IP 3.581 | 35.4s  [secuencial (lectura total)      ] eta nucleo media 0.3704 max 0.5158 | corr 0.8857 rms 0.0475 | rho corr 0.8398 | chi2 exacto DC 0.735 IP 10.227 | 35.4s  [conjunto no-lineal              ] eta nucleo media 0.3081 max 0.4808 | corr 0.8668 rms 0.0474 | rho corr 0.8359 | chi2 exacto DC 0.952 IP 0.869 | 16.1s

===== RESUMEN (todos contra la misma verdad, eta=0.40) =====
run         eta_core  eta_max  eta_corr  eta_rms  rho_corr  chi2_dc  chi2_ip  outers      s
SECUENCIAL    0.3660   0.5167    0.8827   0.0473    0.8373    0.733    8.934      14   12.7
base          0.3097   0.5138    0.8621   0.0482    0.8467    0.951    0.975      16   15.9
aeta0.1       0.3076   0.5052    0.8543   0.0495    0.8300    0.996    0.898      16   16.6
aeta10        0.3052   0.4983    0.8740   0.0477    0.8312    0.688    0.951      19   18.6
logit         0.3125   0.5118    0.8524   0.0500    0.8251    1.000    0.867      15   15.2
nobound       0.2257   0.9870    0.5618   0.0708    0.7500    0.988    0.830      21   21.8
warm          0.3081   0.4808    0.8668   0.0474    0.8359    0.952    0.869      17   16.1
